Archive member included to satisfy reference by file (symbol)

C:\Users\Hidemichi_Gotou\Documents\MCUXpressoIDE_10.0.0_344\workspace\CMSIS_CORE_LPC11Uxx\Debug\libCMSIS_CORE_LPC11Uxx.a(system_LPC11Uxx.o)
                              ./src/usb_rom_func.o (SystemCoreClockUpdate)
c:/nxp/mcuxpressoide_10.0.0_344/ide/tools/bin/../lib/gcc/arm-none-eabi/5.4.1/../../../../arm-none-eabi/lib/armv6-m\libcr_c.a(memset.o)
                              ./src/usb_rom_func.o (memset)
c:/nxp/mcuxpressoide_10.0.0_344/ide/tools/bin/../lib/gcc/arm-none-eabi/5.4.1/../../../../arm-none-eabi/lib/armv6-m\libcr_c.a(__weak__main.o)
                              ./src/cr_startup_lpc11uxx.o (__main)
c:/nxp/mcuxpressoide_10.0.0_344/ide/tools/bin/../lib/gcc/arm-none-eabi/5.4.1/../../../../arm-none-eabi/lib/armv6-m\libcr_c.a(strcpy.o)
                              ./src/LPC11U37_Controller.o (strcpy)
c:/nxp/mcuxpressoide_10.0.0_344/ide/tools/bin/../lib/gcc/arm-none-eabi/5.4.1/armv6-m\libcr_eabihelpers.a(memcpy.o)
                              c:/nxp/mcuxpressoide_10.0.0_344/ide/tools/bin/../lib/gcc/arm-none-eabi/5.4.1/../../../../arm-none-eabi/lib/armv6-m\libcr_c.a(memset.o) (__aeabi_lowlevel_memset)

Discarded input sections

 .group         0x00000000        0x8 ./src/LPC11U37_Controller.o
 .group         0x00000000        0x8 ./src/LPC11U37_Controller.o
 .group         0x00000000        0x8 ./src/LPC11U37_Controller.o
 .group         0x00000000        0x8 ./src/LPC11U37_Controller.o
 .group         0x00000000        0x8 ./src/LPC11U37_Controller.o
 .group         0x00000000        0x8 ./src/LPC11U37_Controller.o
 .group         0x00000000        0x8 ./src/LPC11U37_Controller.o
 .group         0x00000000        0x8 ./src/LPC11U37_Controller.o
 .group         0x00000000        0x8 ./src/LPC11U37_Controller.o
 .group         0x00000000        0x8 ./src/LPC11U37_Controller.o
 .group         0x00000000        0x8 ./src/LPC11U37_Controller.o
 .group         0x00000000        0x8 ./src/LPC11U37_Controller.o
 .group         0x00000000        0x8 ./src/LPC11U37_Controller.o
 .group         0x00000000        0x8 ./src/LPC11U37_Controller.o
 .group         0x00000000        0x8 ./src/LPC11U37_Controller.o
 .group         0x00000000        0x8 ./src/LPC11U37_Controller.o
 .group         0x00000000        0x8 ./src/LPC11U37_Controller.o
 .group         0x00000000        0x8 ./src/LPC11U37_Controller.o
 .group         0x00000000        0x8 ./src/LPC11U37_Controller.o
 .group         0x00000000        0x8 ./src/LPC11U37_Controller.o
 .group         0x00000000        0x8 ./src/LPC11U37_Controller.o
 .group         0x00000000        0x8 ./src/LPC11U37_Controller.o
 .group         0x00000000        0x8 ./src/LPC11U37_Controller.o
 .group         0x00000000        0x8 ./src/LPC11U37_Controller.o
 .group         0x00000000        0x8 ./src/LPC11U37_Controller.o
 .group         0x00000000        0x8 ./src/LPC11U37_Controller.o
 .text          0x00000000        0x0 ./src/LPC11U37_Controller.o
 .data          0x00000000        0x0 ./src/LPC11U37_Controller.o
 .bss           0x00000000        0x0 ./src/LPC11U37_Controller.o
 .text          0x00000000        0x0 ./src/aeabi_romdiv_patch.o
 .data          0x00000000        0x0 ./src/aeabi_romdiv_patch.o
 .bss           0x00000000        0x0 ./src/aeabi_romdiv_patch.o
 .text.__aeabi_idiv
                0x00000000       0x10 ./src/aeabi_romdiv_patch.o
 .group         0x00000000        0x8 ./src/cdc_desc.o
 .group         0x00000000        0x8 ./src/cdc_desc.o
 .group         0x00000000        0x8 ./src/cdc_desc.o
 .group         0x00000000        0x8 ./src/cdc_desc.o
 .group         0x00000000        0x8 ./src/cdc_desc.o
 .group         0x00000000        0x8 ./src/cdc_desc.o
 .group         0x00000000        0x8 ./src/cdc_desc.o
 .group         0x00000000        0x8 ./src/cdc_desc.o
 .group         0x00000000        0x8 ./src/cdc_desc.o
 .group         0x00000000        0x8 ./src/cdc_desc.o
 .group         0x00000000        0x8 ./src/cdc_desc.o
 .group         0x00000000        0x8 ./src/cdc_desc.o
 .group         0x00000000        0x8 ./src/cdc_desc.o
 .group         0x00000000        0x8 ./src/cdc_desc.o
 .text          0x00000000        0x0 ./src/cdc_desc.o
 .data          0x00000000        0x0 ./src/cdc_desc.o
 .bss           0x00000000        0x0 ./src/cdc_desc.o
 .debug_macro   0x00000000      0x844 ./src/cdc_desc.o
 .debug_macro   0x00000000       0x10 ./src/cdc_desc.o
 .debug_macro   0x00000000      0x12d ./src/cdc_desc.o
 .debug_macro   0x00000000      0x5b2 ./src/cdc_desc.o
 .debug_macro   0x00000000       0x18 ./src/cdc_desc.o
 .debug_macro   0x00000000       0x58 ./src/cdc_desc.o
 .debug_macro   0x00000000       0x12 ./src/cdc_desc.o
 .debug_macro   0x00000000       0x46 ./src/cdc_desc.o
 .debug_macro   0x00000000       0xfa ./src/cdc_desc.o
 .debug_macro   0x00000000       0xee ./src/cdc_desc.o
 .debug_macro   0x00000000      0x68c ./src/cdc_desc.o
 .debug_macro   0x00000000      0x272 ./src/cdc_desc.o
 .debug_macro   0x00000000       0x10 ./src/cdc_desc.o
 .group         0x00000000        0x8 ./src/clkconfig.o
 .group         0x00000000        0x8 ./src/clkconfig.o
 .group         0x00000000        0x8 ./src/clkconfig.o
 .group         0x00000000        0x8 ./src/clkconfig.o
 .group         0x00000000        0x8 ./src/clkconfig.o
 .group         0x00000000        0x8 ./src/clkconfig.o
 .group         0x00000000        0x8 ./src/clkconfig.o
 .group         0x00000000        0x8 ./src/clkconfig.o
 .group         0x00000000        0x8 ./src/clkconfig.o
 .group         0x00000000        0x8 ./src/clkconfig.o
 .text          0x00000000        0x0 ./src/clkconfig.o
 .data          0x00000000        0x0 ./src/clkconfig.o
 .bss           0x00000000        0x0 ./src/clkconfig.o
 .text.WDT_CLK_Setup
                0x00000000       0x4c ./src/clkconfig.o
 .text.CLKOUT_Setup
                0x00000000       0x4c ./src/clkconfig.o
 .debug_info    0x00000000      0x585 ./src/clkconfig.o
 .debug_abbrev  0x00000000       0xfe ./src/clkconfig.o
 .debug_aranges
                0x00000000       0x28 ./src/clkconfig.o
 .debug_ranges  0x00000000       0x18 ./src/clkconfig.o
 .debug_macro   0x00000000       0x7f ./src/clkconfig.o
 .debug_macro   0x00000000      0x844 ./src/clkconfig.o
 .debug_macro   0x00000000       0x1c ./src/clkconfig.o
 .debug_macro   0x00000000       0x3a ./src/clkconfig.o
 .debug_macro   0x00000000       0x10 ./src/clkconfig.o
 .debug_macro   0x00000000      0x12d ./src/clkconfig.o
 .debug_macro   0x00000000      0x5b2 ./src/clkconfig.o
 .debug_macro   0x00000000       0x1f ./src/clkconfig.o
 .debug_macro   0x00000000      0x242 ./src/clkconfig.o
 .debug_macro   0x00000000      0x10e ./src/clkconfig.o
 .debug_macro   0x00000000       0x52 ./src/clkconfig.o
 .debug_line    0x00000000      0x23e ./src/clkconfig.o
 .debug_str     0x00000000     0x535a ./src/clkconfig.o
 .comment       0x00000000       0x6f ./src/clkconfig.o
 .debug_frame   0x00000000       0x50 ./src/clkconfig.o
 .ARM.attributes
                0x00000000       0x31 ./src/clkconfig.o
 .group         0x00000000        0x8 ./src/cr_startup_lpc11uxx.o
 .text          0x00000000        0x0 ./src/cr_startup_lpc11uxx.o
 .data          0x00000000        0x0 ./src/cr_startup_lpc11uxx.o
 .bss           0x00000000        0x0 ./src/cr_startup_lpc11uxx.o
 .debug_macro   0x00000000      0x844 ./src/cr_startup_lpc11uxx.o
 .group         0x00000000        0x8 ./src/crp.o
 .group         0x00000000        0x8 ./src/crp.o
 .text          0x00000000        0x0 ./src/crp.o
 .data          0x00000000        0x0 ./src/crp.o
 .bss           0x00000000        0x0 ./src/crp.o
 .debug_macro   0x00000000      0x844 ./src/crp.o
 .group         0x00000000        0x8 ./src/gpio.o
 .group         0x00000000        0x8 ./src/gpio.o
 .group         0x00000000        0x8 ./src/gpio.o
 .group         0x00000000        0x8 ./src/gpio.o
 .group         0x00000000        0x8 ./src/gpio.o
 .group         0x00000000        0x8 ./src/gpio.o
 .group         0x00000000        0x8 ./src/gpio.o
 .group         0x00000000        0x8 ./src/gpio.o
 .group         0x00000000        0x8 ./src/gpio.o
 .group         0x00000000        0x8 ./src/gpio.o
 .text          0x00000000        0x0 ./src/gpio.o
 .data          0x00000000        0x0 ./src/gpio.o
 .bss           0x00000000        0x0 ./src/gpio.o
 .text.NVIC_EnableIRQ
                0x00000000       0x2c ./src/gpio.o
 .text.NVIC_ClearPendingIRQ
                0x00000000       0x34 ./src/gpio.o
 .text.GPIOSetFlexInterrupt
                0x00000000      0x214 ./src/gpio.o
 .rodata.GPIOSetFlexInterrupt
                0x00000000       0x20 ./src/gpio.o
 .text.GPIOFlexIntEnable
                0x00000000       0x68 ./src/gpio.o
 .text.GPIOFlexIntDisable
                0x00000000       0x68 ./src/gpio.o
 .text.GPIOFlexIntStatus
                0x00000000       0x2c ./src/gpio.o
 .text.GPIOFlexIntClear
                0x00000000       0x34 ./src/gpio.o
 .text.GPIOSetGroupedInterrupt
                0x00000000       0xfc ./src/gpio.o
 .text.GPIOSetBitValue
                0x00000000       0x54 ./src/gpio.o
 .text.GPIOSetDir
                0x00000000       0x7c ./src/gpio.o
 .debug_macro   0x00000000      0x844 ./src/gpio.o
 .debug_macro   0x00000000       0x1c ./src/gpio.o
 .debug_macro   0x00000000       0x3a ./src/gpio.o
 .debug_macro   0x00000000       0x10 ./src/gpio.o
 .debug_macro   0x00000000      0x12d ./src/gpio.o
 .debug_macro   0x00000000      0x5b2 ./src/gpio.o
 .debug_macro   0x00000000       0x1f ./src/gpio.o
 .debug_macro   0x00000000      0x242 ./src/gpio.o
 .debug_macro   0x00000000      0x10e ./src/gpio.o
 .debug_macro   0x00000000       0x52 ./src/gpio.o
 .group         0x00000000        0x8 ./src/i2c.o
 .group         0x00000000        0x8 ./src/i2c.o
 .group         0x00000000        0x8 ./src/i2c.o
 .group         0x00000000        0x8 ./src/i2c.o
 .group         0x00000000        0x8 ./src/i2c.o
 .group         0x00000000        0x8 ./src/i2c.o
 .group         0x00000000        0x8 ./src/i2c.o
 .group         0x00000000        0x8 ./src/i2c.o
 .group         0x00000000        0x8 ./src/i2c.o
 .group         0x00000000        0x8 ./src/i2c.o
 .group         0x00000000        0x8 ./src/i2c.o
 .group         0x00000000        0x8 ./src/i2c.o
 .text          0x00000000        0x0 ./src/i2c.o
 .data          0x00000000        0x0 ./src/i2c.o
 .bss           0x00000000        0x0 ./src/i2c.o
 .bss.I2CSlaveState
                0x00000000        0x4 ./src/i2c.o
 .bss.I2CMode   0x00000000        0x4 ./src/i2c.o
 .bss.I2CCount  0x00000000        0x4 ./src/i2c.o
 .text.i2c_write16
                0x00000000       0x6c ./src/i2c.o
 .text.i2c_read
                0x00000000       0x98 ./src/i2c.o
 .debug_macro   0x00000000      0x844 ./src/i2c.o
 .debug_macro   0x00000000       0x22 ./src/i2c.o
 .debug_macro   0x00000000       0x3a ./src/i2c.o
 .debug_macro   0x00000000       0x10 ./src/i2c.o
 .debug_macro   0x00000000      0x12d ./src/i2c.o
 .debug_macro   0x00000000      0x5b2 ./src/i2c.o
 .debug_macro   0x00000000       0x1f ./src/i2c.o
 .debug_macro   0x00000000      0x242 ./src/i2c.o
 .debug_macro   0x00000000       0xbe ./src/i2c.o
 .group         0x00000000        0x8 ./src/i2clcd.o
 .group         0x00000000        0x8 ./src/i2clcd.o
 .group         0x00000000        0x8 ./src/i2clcd.o
 .group         0x00000000        0x8 ./src/i2clcd.o
 .group         0x00000000        0x8 ./src/i2clcd.o
 .group         0x00000000        0x8 ./src/i2clcd.o
 .group         0x00000000        0x8 ./src/i2clcd.o
 .group         0x00000000        0x8 ./src/i2clcd.o
 .group         0x00000000        0x8 ./src/i2clcd.o
 .group         0x00000000        0x8 ./src/i2clcd.o
 .group         0x00000000        0x8 ./src/i2clcd.o
 .group         0x00000000        0x8 ./src/i2clcd.o
 .group         0x00000000        0x8 ./src/i2clcd.o
 .group         0x00000000        0x8 ./src/i2clcd.o
 .text          0x00000000        0x0 ./src/i2clcd.o
 .data          0x00000000        0x0 ./src/i2clcd.o
 .bss           0x00000000        0x0 ./src/i2clcd.o
 .rodata.hex    0x00000000       0x10 ./src/i2clcd.o
 .text.i2c_lcd_put_hex8
                0x00000000       0x40 ./src/i2clcd.o
 .bss._hex10    0x00000000        0xd ./src/i2clcd.o
 .text.i2c_lcd_put_decimal
                0x00000000       0xb4 ./src/i2clcd.o
 .debug_macro   0x00000000      0x844 ./src/i2clcd.o
 .debug_macro   0x00000000       0x22 ./src/i2clcd.o
 .debug_macro   0x00000000       0x1c ./src/i2clcd.o
 .debug_macro   0x00000000       0x3a ./src/i2clcd.o
 .debug_macro   0x00000000       0x10 ./src/i2clcd.o
 .debug_macro   0x00000000      0x12d ./src/i2clcd.o
 .debug_macro   0x00000000      0x5b2 ./src/i2clcd.o
 .debug_macro   0x00000000       0x1f ./src/i2clcd.o
 .debug_macro   0x00000000      0x242 ./src/i2clcd.o
 .debug_macro   0x00000000      0x10e ./src/i2clcd.o
 .debug_macro   0x00000000       0x52 ./src/i2clcd.o
 .debug_macro   0x00000000       0xbe ./src/i2clcd.o
 .debug_macro   0x00000000       0x2e ./src/i2clcd.o
 .debug_macro   0x00000000       0x28 ./src/i2clcd.o
 .group         0x00000000        0x8 ./src/nmi.o
 .group         0x00000000        0x8 ./src/nmi.o
 .group         0x00000000        0x8 ./src/nmi.o
 .group         0x00000000        0x8 ./src/nmi.o
 .group         0x00000000        0x8 ./src/nmi.o
 .group         0x00000000        0x8 ./src/nmi.o
 .group         0x00000000        0x8 ./src/nmi.o
 .group         0x00000000        0x8 ./src/nmi.o
 .group         0x00000000        0x8 ./src/nmi.o
 .group         0x00000000        0x8 ./src/nmi.o
 .text          0x00000000        0x0 ./src/nmi.o
 .data          0x00000000        0x0 ./src/nmi.o
 .bss           0x00000000        0x0 ./src/nmi.o
 .debug_info    0x00000000       0x6f ./src/nmi.o
 .debug_abbrev  0x00000000       0x29 ./src/nmi.o
 .debug_aranges
                0x00000000       0x18 ./src/nmi.o
 .debug_macro   0x00000000       0x7f ./src/nmi.o
 .debug_macro   0x00000000      0x844 ./src/nmi.o
 .debug_macro   0x00000000       0x1c ./src/nmi.o
 .debug_macro   0x00000000       0x3a ./src/nmi.o
 .debug_macro   0x00000000       0x10 ./src/nmi.o
 .debug_macro   0x00000000      0x12d ./src/nmi.o
 .debug_macro   0x00000000      0x5b2 ./src/nmi.o
 .debug_macro   0x00000000       0x1f ./src/nmi.o
 .debug_macro   0x00000000      0x242 ./src/nmi.o
 .debug_macro   0x00000000      0x10e ./src/nmi.o
 .debug_macro   0x00000000       0x16 ./src/nmi.o
 .debug_line    0x00000000      0x1fe ./src/nmi.o
 .debug_str     0x00000000     0x4fa4 ./src/nmi.o
 .comment       0x00000000       0x6f ./src/nmi.o
 .ARM.attributes
                0x00000000       0x31 ./src/nmi.o
 .group         0x00000000        0x8 ./src/ssp.o
 .group         0x00000000        0x8 ./src/ssp.o
 .group         0x00000000        0x8 ./src/ssp.o
 .group         0x00000000        0x8 ./src/ssp.o
 .group         0x00000000        0x8 ./src/ssp.o
 .group         0x00000000        0x8 ./src/ssp.o
 .group         0x00000000        0x8 ./src/ssp.o
 .group         0x00000000        0x8 ./src/ssp.o
 .group         0x00000000        0x8 ./src/ssp.o
 .group         0x00000000        0x8 ./src/ssp.o
 .group         0x00000000        0x8 ./src/ssp.o
 .text          0x00000000        0x0 ./src/ssp.o
 .data          0x00000000        0x0 ./src/ssp.o
 .bss           0x00000000        0x0 ./src/ssp.o
 .text.NVIC_EnableIRQ
                0x00000000       0x2c ./src/ssp.o
 .text.SSP_IOConfig
                0x00000000      0x180 ./src/ssp.o
 .text.SSP_Init
                0x00000000       0xd0 ./src/ssp.o
 .text.SSP_Send
                0x00000000       0xb0 ./src/ssp.o
 .text.SSP_Receive
                0x00000000       0x8c ./src/ssp.o
 .debug_macro   0x00000000      0x844 ./src/ssp.o
 .debug_macro   0x00000000       0x1c ./src/ssp.o
 .debug_macro   0x00000000       0x3a ./src/ssp.o
 .debug_macro   0x00000000       0x10 ./src/ssp.o
 .debug_macro   0x00000000      0x12d ./src/ssp.o
 .debug_macro   0x00000000      0x5b2 ./src/ssp.o
 .debug_macro   0x00000000       0x1f ./src/ssp.o
 .debug_macro   0x00000000      0x242 ./src/ssp.o
 .debug_macro   0x00000000      0x10e ./src/ssp.o
 .debug_macro   0x00000000       0x52 ./src/ssp.o
 .group         0x00000000        0x8 ./src/systick.o
 .group         0x00000000        0x8 ./src/systick.o
 .group         0x00000000        0x8 ./src/systick.o
 .group         0x00000000        0x8 ./src/systick.o
 .group         0x00000000        0x8 ./src/systick.o
 .group         0x00000000        0x8 ./src/systick.o
 .group         0x00000000        0x8 ./src/systick.o
 .group         0x00000000        0x8 ./src/systick.o
 .group         0x00000000        0x8 ./src/systick.o
 .group         0x00000000        0x8 ./src/systick.o
 .text          0x00000000        0x0 ./src/systick.o
 .data          0x00000000        0x0 ./src/systick.o
 .bss           0x00000000        0x0 ./src/systick.o
 .text.wait_sec
                0x00000000       0x28 ./src/systick.o
 .debug_macro   0x00000000      0x844 ./src/systick.o
 .debug_macro   0x00000000       0x1c ./src/systick.o
 .debug_macro   0x00000000       0x3a ./src/systick.o
 .debug_macro   0x00000000       0x10 ./src/systick.o
 .debug_macro   0x00000000      0x12d ./src/systick.o
 .debug_macro   0x00000000      0x5b2 ./src/systick.o
 .debug_macro   0x00000000       0x1f ./src/systick.o
 .debug_macro   0x00000000      0x242 ./src/systick.o
 .debug_macro   0x00000000      0x10e ./src/systick.o
 .debug_macro   0x00000000       0x2e ./src/systick.o
 .group         0x00000000        0x8 ./src/timer16.o
 .group         0x00000000        0x8 ./src/timer16.o
 .group         0x00000000        0x8 ./src/timer16.o
 .group         0x00000000        0x8 ./src/timer16.o
 .group         0x00000000        0x8 ./src/timer16.o
 .group         0x00000000        0x8 ./src/timer16.o
 .group         0x00000000        0x8 ./src/timer16.o
 .group         0x00000000        0x8 ./src/timer16.o
 .group         0x00000000        0x8 ./src/timer16.o
 .group         0x00000000        0x8 ./src/timer16.o
 .group         0x00000000        0x8 ./src/timer16.o
 .text          0x00000000        0x0 ./src/timer16.o
 .data          0x00000000        0x0 ./src/timer16.o
 .bss           0x00000000        0x0 ./src/timer16.o
 .text.NVIC_EnableIRQ
                0x00000000       0x2c ./src/timer16.o
 .bss.timer16_0_period
                0x00000000        0x4 ./src/timer16.o
 .bss.timer16_1_period
                0x00000000        0x4 ./src/timer16.o
 .text.delayMs  0x00000000       0xc0 ./src/timer16.o
 .text.enable_timer16
                0x00000000       0x34 ./src/timer16.o
 .text.disable_timer16
                0x00000000       0x34 ./src/timer16.o
 .text.reset_timer16
                0x00000000       0x50 ./src/timer16.o
 .text.set_timer16_capture
                0x00000000       0xd8 ./src/timer16.o
 .text.set_timer16_match
                0x00000000      0x1a0 ./src/timer16.o
 .text.init_timer16
                0x00000000      0x144 ./src/timer16.o
 .text.init_timer16PWM
                0x00000000      0x160 ./src/timer16.o
 .text.setMatch_timer16PWM
                0x00000000       0xa0 ./src/timer16.o
 .debug_macro   0x00000000      0x844 ./src/timer16.o
 .debug_macro   0x00000000       0x1c ./src/timer16.o
 .debug_macro   0x00000000       0x3a ./src/timer16.o
 .debug_macro   0x00000000       0x10 ./src/timer16.o
 .debug_macro   0x00000000      0x12d ./src/timer16.o
 .debug_macro   0x00000000      0x5b2 ./src/timer16.o
 .debug_macro   0x00000000       0x1f ./src/timer16.o
 .debug_macro   0x00000000      0x242 ./src/timer16.o
 .debug_macro   0x00000000      0x10e ./src/timer16.o
 .debug_macro   0x00000000       0x16 ./src/timer16.o
 .group         0x00000000        0x8 ./src/timer32.o
 .group         0x00000000        0x8 ./src/timer32.o
 .group         0x00000000        0x8 ./src/timer32.o
 .group         0x00000000        0x8 ./src/timer32.o
 .group         0x00000000        0x8 ./src/timer32.o
 .group         0x00000000        0x8 ./src/timer32.o
 .group         0x00000000        0x8 ./src/timer32.o
 .group         0x00000000        0x8 ./src/timer32.o
 .group         0x00000000        0x8 ./src/timer32.o
 .group         0x00000000        0x8 ./src/timer32.o
 .group         0x00000000        0x8 ./src/timer32.o
 .text          0x00000000        0x0 ./src/timer32.o
 .data          0x00000000        0x0 ./src/timer32.o
 .bss           0x00000000        0x0 ./src/timer32.o
 .text.NVIC_EnableIRQ
                0x00000000       0x2c ./src/timer32.o
 .bss.timer32_0_period
                0x00000000        0x4 ./src/timer32.o
 .bss.timer32_1_period
                0x00000000        0x4 ./src/timer32.o
 .text.delay32Ms
                0x00000000       0xc0 ./src/timer32.o
 .text.enable_timer32
                0x00000000       0x34 ./src/timer32.o
 .text.disable_timer32
                0x00000000       0x34 ./src/timer32.o
 .text.reset_timer32
                0x00000000       0x50 ./src/timer32.o
 .text.set_timer32_capture
                0x00000000       0xf0 ./src/timer32.o
 .text.set_timer32_match
                0x00000000      0x228 ./src/timer32.o
 .text.init_timer32
                0x00000000      0x114 ./src/timer32.o
 .text.init_timer32PWM
                0x00000000      0x12c ./src/timer32.o
 .text.setMatch_timer32PWM
                0x00000000       0xa0 ./src/timer32.o
 .debug_macro   0x00000000      0x844 ./src/timer32.o
 .debug_macro   0x00000000       0x1c ./src/timer32.o
 .debug_macro   0x00000000       0x3a ./src/timer32.o
 .debug_macro   0x00000000       0x10 ./src/timer32.o
 .debug_macro   0x00000000      0x12d ./src/timer32.o
 .debug_macro   0x00000000      0x5b2 ./src/timer32.o
 .debug_macro   0x00000000       0x1f ./src/timer32.o
 .debug_macro   0x00000000      0x242 ./src/timer32.o
 .debug_macro   0x00000000      0x10e ./src/timer32.o
 .debug_macro   0x00000000       0x16 ./src/timer32.o
 .group         0x00000000        0x8 ./src/uart.o
 .group         0x00000000        0x8 ./src/uart.o
 .group         0x00000000        0x8 ./src/uart.o
 .group         0x00000000        0x8 ./src/uart.o
 .group         0x00000000        0x8 ./src/uart.o
 .group         0x00000000        0x8 ./src/uart.o
 .group         0x00000000        0x8 ./src/uart.o
 .group         0x00000000        0x8 ./src/uart.o
 .group         0x00000000        0x8 ./src/uart.o
 .group         0x00000000        0x8 ./src/uart.o
 .group         0x00000000        0x8 ./src/uart.o
 .text          0x00000000        0x0 ./src/uart.o
 .data          0x00000000        0x0 ./src/uart.o
 .bss           0x00000000        0x0 ./src/uart.o
 .text.NVIC_EnableIRQ
                0x00000000       0x2c ./src/uart.o
 .text.NVIC_DisableIRQ
                0x00000000       0x30 ./src/uart.o
 .bss.UARTStatus
                0x00000000        0x4 ./src/uart.o
 .data.UARTTxEmpty
                0x00000000        0x1 ./src/uart.o
 .bss.UARTBuffer
                0x00000000       0x40 ./src/uart.o
 .bss.UARTCount
                0x00000000        0x4 ./src/uart.o
 .text.uart_set_divisors
                0x00000000      0x14c ./src/uart.o
 .text.UARTInit
                0x00000000      0x100 ./src/uart.o
 .text.UARTSend
                0x00000000       0x40 ./src/uart.o
 .text.print_string
                0x00000000       0x3c ./src/uart.o
 .text.get_key  0x00000000       0x4c ./src/uart.o
 .debug_info    0x00000000      0xd81 ./src/uart.o
 .debug_abbrev  0x00000000      0x208 ./src/uart.o
 .debug_aranges
                0x00000000       0x50 ./src/uart.o
 .debug_ranges  0x00000000       0x40 ./src/uart.o
 .debug_macro   0x00000000       0x88 ./src/uart.o
 .debug_macro   0x00000000      0x844 ./src/uart.o
 .debug_macro   0x00000000       0x1c ./src/uart.o
 .debug_macro   0x00000000       0x3a ./src/uart.o
 .debug_macro   0x00000000       0x10 ./src/uart.o
 .debug_macro   0x00000000      0x12d ./src/uart.o
 .debug_macro   0x00000000      0x5b2 ./src/uart.o
 .debug_macro   0x00000000       0x1f ./src/uart.o
 .debug_macro   0x00000000      0x242 ./src/uart.o
 .debug_macro   0x00000000      0x10e ./src/uart.o
 .debug_macro   0x00000000       0x2e ./src/uart.o
 .debug_macro   0x00000000       0xca ./src/uart.o
 .debug_line    0x00000000      0x32d ./src/uart.o
 .debug_str     0x00000000     0x5a47 ./src/uart.o
 .comment       0x00000000       0x6f ./src/uart.o
 .debug_frame   0x00000000       0xf0 ./src/uart.o
 .ARM.attributes
                0x00000000       0x31 ./src/uart.o
 .group         0x00000000        0x8 ./src/usb_rom_func.o
 .group         0x00000000        0x8 ./src/usb_rom_func.o
 .group         0x00000000        0x8 ./src/usb_rom_func.o
 .group         0x00000000        0x8 ./src/usb_rom_func.o
 .group         0x00000000        0x8 ./src/usb_rom_func.o
 .group         0x00000000        0x8 ./src/usb_rom_func.o
 .group         0x00000000        0x8 ./src/usb_rom_func.o
 .group         0x00000000        0x8 ./src/usb_rom_func.o
 .group         0x00000000        0x8 ./src/usb_rom_func.o
 .group         0x00000000        0x8 ./src/usb_rom_func.o
 .group         0x00000000        0x8 ./src/usb_rom_func.o
 .group         0x00000000        0x8 ./src/usb_rom_func.o
 .group         0x00000000        0x8 ./src/usb_rom_func.o
 .group         0x00000000        0x8 ./src/usb_rom_func.o
 .group         0x00000000        0x8 ./src/usb_rom_func.o
 .group         0x00000000        0x8 ./src/usb_rom_func.o
 .group         0x00000000        0x8 ./src/usb_rom_func.o
 .group         0x00000000        0x8 ./src/usb_rom_func.o
 .group         0x00000000        0x8 ./src/usb_rom_func.o
 .group         0x00000000        0x8 ./src/usb_rom_func.o
 .group         0x00000000        0x8 ./src/usb_rom_func.o
 .group         0x00000000        0x8 ./src/usb_rom_func.o
 .group         0x00000000        0x8 ./src/usb_rom_func.o
 .group         0x00000000        0x8 ./src/usb_rom_func.o
 .group         0x00000000        0x8 ./src/usb_rom_func.o
 .group         0x00000000        0x8 ./src/usb_rom_func.o
 .text          0x00000000        0x0 ./src/usb_rom_func.o
 .data          0x00000000        0x0 ./src/usb_rom_func.o
 .bss           0x00000000        0x0 ./src/usb_rom_func.o
 .debug_macro   0x00000000      0x844 ./src/usb_rom_func.o
 .debug_macro   0x00000000       0x10 ./src/usb_rom_func.o
 .debug_macro   0x00000000      0x12d ./src/usb_rom_func.o
 .debug_macro   0x00000000       0x1c ./src/usb_rom_func.o
 .debug_macro   0x00000000       0x3a ./src/usb_rom_func.o
 .debug_macro   0x00000000      0x5b2 ./src/usb_rom_func.o
 .debug_macro   0x00000000       0x1f ./src/usb_rom_func.o
 .debug_macro   0x00000000      0x242 ./src/usb_rom_func.o
 .debug_macro   0x00000000      0x10e ./src/usb_rom_func.o
 .debug_macro   0x00000000       0x18 ./src/usb_rom_func.o
 .debug_macro   0x00000000      0x22d ./src/usb_rom_func.o
 .debug_macro   0x00000000       0x58 ./src/usb_rom_func.o
 .debug_macro   0x00000000       0x12 ./src/usb_rom_func.o
 .debug_macro   0x00000000       0x46 ./src/usb_rom_func.o
 .debug_macro   0x00000000       0xfa ./src/usb_rom_func.o
 .debug_macro   0x00000000       0xee ./src/usb_rom_func.o
 .debug_macro   0x00000000      0x68c ./src/usb_rom_func.o
 .debug_macro   0x00000000      0x272 ./src/usb_rom_func.o
 .debug_macro   0x00000000       0x10 ./src/usb_rom_func.o
 .debug_macro   0x00000000       0x28 ./src/usb_rom_func.o
 .debug_macro   0x00000000       0xbe ./src/usb_rom_func.o
 .debug_macro   0x00000000       0x22 ./src/usb_rom_func.o
 .debug_macro   0x00000000       0x40 ./src/usb_rom_func.o
 .group         0x00000000        0x8 ./src/xprintf.o
 .group         0x00000000        0x8 ./src/xprintf.o
 .group         0x00000000        0x8 ./src/xprintf.o
 .group         0x00000000        0x8 ./src/xprintf.o
 .text          0x00000000        0x0 ./src/xprintf.o
 .data          0x00000000        0x0 ./src/xprintf.o
 .bss           0x00000000        0x0 ./src/xprintf.o
 .text.xfputs   0x00000000       0x40 ./src/xprintf.o
 .text.xsprintf
                0x00000000       0x44 ./src/xprintf.o
 .text.xfprintf
                0x00000000       0x40 ./src/xprintf.o
 .rodata        0x00000000       0x1f ./src/xprintf.o
 .text.put_dump
                0x00000000      0x104 ./src/xprintf.o
 .bss.xfunc_in  0x00000000        0x4 ./src/xprintf.o
 .text.xgets    0x00000000       0xa0 ./src/xprintf.o
 .text.xfgets   0x00000000       0x3c ./src/xprintf.o
 .text.xatoi    0x00000000      0x1dc ./src/xprintf.o
 .debug_macro   0x00000000      0x844 ./src/xprintf.o
 .debug_macro   0x00000000       0x40 ./src/xprintf.o
 .debug_macro   0x00000000       0x10 ./src/xprintf.o
 .group         0x00000000        0x8 C:\Users\Hidemichi_Gotou\Documents\MCUXpressoIDE_10.0.0_344\workspace\CMSIS_CORE_LPC11Uxx\Debug\libCMSIS_CORE_LPC11Uxx.a(system_LPC11Uxx.o)
 .group         0x00000000        0x8 C:\Users\Hidemichi_Gotou\Documents\MCUXpressoIDE_10.0.0_344\workspace\CMSIS_CORE_LPC11Uxx\Debug\libCMSIS_CORE_LPC11Uxx.a(system_LPC11Uxx.o)
 .group         0x00000000        0x8 C:\Users\Hidemichi_Gotou\Documents\MCUXpressoIDE_10.0.0_344\workspace\CMSIS_CORE_LPC11Uxx\Debug\libCMSIS_CORE_LPC11Uxx.a(system_LPC11Uxx.o)
 .group         0x00000000        0x8 C:\Users\Hidemichi_Gotou\Documents\MCUXpressoIDE_10.0.0_344\workspace\CMSIS_CORE_LPC11Uxx\Debug\libCMSIS_CORE_LPC11Uxx.a(system_LPC11Uxx.o)
 .group         0x00000000        0x8 C:\Users\Hidemichi_Gotou\Documents\MCUXpressoIDE_10.0.0_344\workspace\CMSIS_CORE_LPC11Uxx\Debug\libCMSIS_CORE_LPC11Uxx.a(system_LPC11Uxx.o)
 .group         0x00000000        0x8 C:\Users\Hidemichi_Gotou\Documents\MCUXpressoIDE_10.0.0_344\workspace\CMSIS_CORE_LPC11Uxx\Debug\libCMSIS_CORE_LPC11Uxx.a(system_LPC11Uxx.o)
 .group         0x00000000        0x8 C:\Users\Hidemichi_Gotou\Documents\MCUXpressoIDE_10.0.0_344\workspace\CMSIS_CORE_LPC11Uxx\Debug\libCMSIS_CORE_LPC11Uxx.a(system_LPC11Uxx.o)
 .group         0x00000000        0x8 C:\Users\Hidemichi_Gotou\Documents\MCUXpressoIDE_10.0.0_344\workspace\CMSIS_CORE_LPC11Uxx\Debug\libCMSIS_CORE_LPC11Uxx.a(system_LPC11Uxx.o)
 .group         0x00000000        0x8 C:\Users\Hidemichi_Gotou\Documents\MCUXpressoIDE_10.0.0_344\workspace\CMSIS_CORE_LPC11Uxx\Debug\libCMSIS_CORE_LPC11Uxx.a(system_LPC11Uxx.o)
 .text          0x00000000        0x0 C:\Users\Hidemichi_Gotou\Documents\MCUXpressoIDE_10.0.0_344\workspace\CMSIS_CORE_LPC11Uxx\Debug\libCMSIS_CORE_LPC11Uxx.a(system_LPC11Uxx.o)
 .data          0x00000000        0x0 C:\Users\Hidemichi_Gotou\Documents\MCUXpressoIDE_10.0.0_344\workspace\CMSIS_CORE_LPC11Uxx\Debug\libCMSIS_CORE_LPC11Uxx.a(system_LPC11Uxx.o)
 .bss           0x00000000        0x0 C:\Users\Hidemichi_Gotou\Documents\MCUXpressoIDE_10.0.0_344\workspace\CMSIS_CORE_LPC11Uxx\Debug\libCMSIS_CORE_LPC11Uxx.a(system_LPC11Uxx.o)
 .debug_macro   0x00000000       0x10 C:\Users\Hidemichi_Gotou\Documents\MCUXpressoIDE_10.0.0_344\workspace\CMSIS_CORE_LPC11Uxx\Debug\libCMSIS_CORE_LPC11Uxx.a(system_LPC11Uxx.o)
 .debug_macro   0x00000000      0x12d C:\Users\Hidemichi_Gotou\Documents\MCUXpressoIDE_10.0.0_344\workspace\CMSIS_CORE_LPC11Uxx\Debug\libCMSIS_CORE_LPC11Uxx.a(system_LPC11Uxx.o)
 .debug_macro   0x00000000      0x5b2 C:\Users\Hidemichi_Gotou\Documents\MCUXpressoIDE_10.0.0_344\workspace\CMSIS_CORE_LPC11Uxx\Debug\libCMSIS_CORE_LPC11Uxx.a(system_LPC11Uxx.o)
 .debug_macro   0x00000000       0x1c C:\Users\Hidemichi_Gotou\Documents\MCUXpressoIDE_10.0.0_344\workspace\CMSIS_CORE_LPC11Uxx\Debug\libCMSIS_CORE_LPC11Uxx.a(system_LPC11Uxx.o)
 .debug_macro   0x00000000       0x3a C:\Users\Hidemichi_Gotou\Documents\MCUXpressoIDE_10.0.0_344\workspace\CMSIS_CORE_LPC11Uxx\Debug\libCMSIS_CORE_LPC11Uxx.a(system_LPC11Uxx.o)
 .debug_macro   0x00000000       0x1f C:\Users\Hidemichi_Gotou\Documents\MCUXpressoIDE_10.0.0_344\workspace\CMSIS_CORE_LPC11Uxx\Debug\libCMSIS_CORE_LPC11Uxx.a(system_LPC11Uxx.o)
 .debug_macro   0x00000000      0x242 C:\Users\Hidemichi_Gotou\Documents\MCUXpressoIDE_10.0.0_344\workspace\CMSIS_CORE_LPC11Uxx\Debug\libCMSIS_CORE_LPC11Uxx.a(system_LPC11Uxx.o)
 .debug_macro   0x00000000      0x10e C:\Users\Hidemichi_Gotou\Documents\MCUXpressoIDE_10.0.0_344\workspace\CMSIS_CORE_LPC11Uxx\Debug\libCMSIS_CORE_LPC11Uxx.a(system_LPC11Uxx.o)
 .text          0x00000000        0x0 c:/nxp/mcuxpressoide_10.0.0_344/ide/tools/bin/../lib/gcc/arm-none-eabi/5.4.1/../../../../arm-none-eabi/lib/armv6-m\libcr_c.a(memset.o)
 .data          0x00000000        0x0 c:/nxp/mcuxpressoide_10.0.0_344/ide/tools/bin/../lib/gcc/arm-none-eabi/5.4.1/../../../../arm-none-eabi/lib/armv6-m\libcr_c.a(memset.o)
 .bss           0x00000000        0x0 c:/nxp/mcuxpressoide_10.0.0_344/ide/tools/bin/../lib/gcc/arm-none-eabi/5.4.1/../../../../arm-none-eabi/lib/armv6-m\libcr_c.a(memset.o)
 .text          0x00000000        0x0 c:/nxp/mcuxpressoide_10.0.0_344/ide/tools/bin/../lib/gcc/arm-none-eabi/5.4.1/../../../../arm-none-eabi/lib/armv6-m\libcr_c.a(__weak__main.o)
 .data          0x00000000        0x0 c:/nxp/mcuxpressoide_10.0.0_344/ide/tools/bin/../lib/gcc/arm-none-eabi/5.4.1/../../../../arm-none-eabi/lib/armv6-m\libcr_c.a(__weak__main.o)
 .bss           0x00000000        0x0 c:/nxp/mcuxpressoide_10.0.0_344/ide/tools/bin/../lib/gcc/arm-none-eabi/5.4.1/../../../../arm-none-eabi/lib/armv6-m\libcr_c.a(__weak__main.o)
 .text          0x00000000        0x0 c:/nxp/mcuxpressoide_10.0.0_344/ide/tools/bin/../lib/gcc/arm-none-eabi/5.4.1/../../../../arm-none-eabi/lib/armv6-m\libcr_c.a(strcpy.o)
 .data          0x00000000        0x0 c:/nxp/mcuxpressoide_10.0.0_344/ide/tools/bin/../lib/gcc/arm-none-eabi/5.4.1/../../../../arm-none-eabi/lib/armv6-m\libcr_c.a(strcpy.o)
 .bss           0x00000000        0x0 c:/nxp/mcuxpressoide_10.0.0_344/ide/tools/bin/../lib/gcc/arm-none-eabi/5.4.1/../../../../arm-none-eabi/lib/armv6-m\libcr_c.a(strcpy.o)
 .text          0x00000000        0x0 c:/nxp/mcuxpressoide_10.0.0_344/ide/tools/bin/../lib/gcc/arm-none-eabi/5.4.1/armv6-m\libcr_eabihelpers.a(memcpy.o)
 .data          0x00000000        0x0 c:/nxp/mcuxpressoide_10.0.0_344/ide/tools/bin/../lib/gcc/arm-none-eabi/5.4.1/armv6-m\libcr_eabihelpers.a(memcpy.o)
 .bss           0x00000000        0x0 c:/nxp/mcuxpressoide_10.0.0_344/ide/tools/bin/../lib/gcc/arm-none-eabi/5.4.1/armv6-m\libcr_eabihelpers.a(memcpy.o)
 .text.__aeabi_memcpy
                0x00000000       0x2c c:/nxp/mcuxpressoide_10.0.0_344/ide/tools/bin/../lib/gcc/arm-none-eabi/5.4.1/armv6-m\libcr_eabihelpers.a(memcpy.o)
 .text.__aeabi_memmove
                0x00000000       0x1c c:/nxp/mcuxpressoide_10.0.0_344/ide/tools/bin/../lib/gcc/arm-none-eabi/5.4.1/armv6-m\libcr_eabihelpers.a(memcpy.o)
 .text.__aeabi_memclr
                0x00000000        0x6 c:/nxp/mcuxpressoide_10.0.0_344/ide/tools/bin/../lib/gcc/arm-none-eabi/5.4.1/armv6-m\libcr_eabihelpers.a(memcpy.o)
 .text.__aeabi_memset
                0x00000000        0x8 c:/nxp/mcuxpressoide_10.0.0_344/ide/tools/bin/../lib/gcc/arm-none-eabi/5.4.1/armv6-m\libcr_eabihelpers.a(memcpy.o)

Memory Configuration

Name             Origin             Length             Attributes
MFlash128        0x00000000         0x00020000         xr
RamLoc8          0x10000000         0x00002000         xrw
RamUsb2          0x20004000         0x00000800         xrw
SRAM1_2          0x20000000         0x00000800         xrw
*default*        0x00000000         0xffffffff

Linker script and memory map

LOAD ./src/LPC11U37_Controller.o
LOAD ./src/aeabi_romdiv_patch.o
LOAD ./src/cdc_desc.o
LOAD ./src/clkconfig.o
LOAD ./src/cr_startup_lpc11uxx.o
LOAD ./src/crp.o
LOAD ./src/gpio.o
LOAD ./src/i2c.o
LOAD ./src/i2clcd.o
LOAD ./src/nmi.o
LOAD ./src/ssp.o
LOAD ./src/systick.o
LOAD ./src/timer16.o
LOAD ./src/timer32.o
LOAD ./src/uart.o
LOAD ./src/usb_rom_func.o
LOAD ./src/xprintf.o
LOAD C:\Users\Hidemichi_Gotou\Documents\MCUXpressoIDE_10.0.0_344\workspace\CMSIS_CORE_LPC11Uxx\Debug\libCMSIS_CORE_LPC11Uxx.a
START GROUP
LOAD c:/nxp/mcuxpressoide_10.0.0_344/ide/tools/bin/../lib/gcc/arm-none-eabi/5.4.1/../../../../arm-none-eabi/lib/armv6-m\libcr_c.a
LOAD c:/nxp/mcuxpressoide_10.0.0_344/ide/tools/bin/../lib/gcc/arm-none-eabi/5.4.1/armv6-m\libcr_eabihelpers.a
END GROUP
                0x00000000                __base_MFlash128 = 0x0
                0x00000000                __base_Flash = 0x0
                0x00020000                __top_MFlash128 = 0x20000
                0x00020000                __top_Flash = 0x20000
                0x10000000                __base_RamLoc8 = 0x10000000
                0x10000000                __base_RAM = 0x10000000
                0x10002000                __top_RamLoc8 = 0x10002000
                0x10002000                __top_RAM = 0x10002000
                0x20004000                __base_RamUsb2 = 0x20004000
                0x20004000                __base_RAM2 = 0x20004000
                0x20004800                __top_RamUsb2 = 0x20004800
                0x20004800                __top_RAM2 = 0x20004800
                0x20000000                __base_SRAM1_2 = 0x20000000
                0x20000000                __base_RAM3 = 0x20000000
                0x20000800                __top_SRAM1_2 = 0x20000800
                0x20000800                __top_RAM3 = 0x20000800

.text           0x00000000     0x284c
 FILL mask 0xff
                0x00000000                __vectors_start__ = ABSOLUTE (.)
 *(.isr_vector)
 .isr_vector    0x00000000       0xc0 ./src/cr_startup_lpc11uxx.o
                0x00000000                g_pfnVectors
                0x000000c0                . = ALIGN (0x4)
                0x000000c0                __section_table_start = .
                0x000000c0                __data_section_table = .
                0x000000c0        0x4 LONG 0x284c LOADADDR (.data)
                0x000000c4        0x4 LONG 0x10000000 ADDR (.data)
                0x000000c8        0x4 LONG 0x8 SIZEOF (.data)
                0x000000cc        0x4 LONG 0x284c LOADADDR (.data_RAM2)
                0x000000d0        0x4 LONG 0x20004000 ADDR (.data_RAM2)
                0x000000d4        0x4 LONG 0x0 SIZEOF (.data_RAM2)
                0x000000d8        0x4 LONG 0x284c LOADADDR (.data_RAM3)
                0x000000dc        0x4 LONG 0x20000000 ADDR (.data_RAM3)
                0x000000e0        0x4 LONG 0x0 SIZEOF (.data_RAM3)
                0x000000e4                __data_section_table_end = .
                0x000000e4                __bss_section_table = .
                0x000000e4        0x4 LONG 0x10000008 ADDR (.bss)
                0x000000e8        0x4 LONG 0x1a4 SIZEOF (.bss)
                0x000000ec        0x4 LONG 0x20004000 ADDR (.bss_RAM2)
                0x000000f0        0x4 LONG 0x0 SIZEOF (.bss_RAM2)
                0x000000f4        0x4 LONG 0x20000000 ADDR (.bss_RAM3)
                0x000000f8        0x4 LONG 0x0 SIZEOF (.bss_RAM3)
                0x000000fc                __bss_section_table_end = .
                0x000000fc                __section_table_end = .
 *(.after_vectors*)
 .after_vectors
                0x000000fc      0x164 ./src/cr_startup_lpc11uxx.o
                0x000000fc                data_init
                0x0000013c                bss_init
                0x00000170                ResetISR
                0x00000230                NMI_Handler
                0x00000238                HardFault_Handler
                0x00000240                SVC_Handler
                0x00000248                PendSV_Handler
                0x00000258                IntDefaultHandler
                0x00000258                BOD_IRQHandler
                0x00000258                WDT_IRQHandler
                0x00000258                USB_FIQHandler
                0x00000258                ADC_IRQHandler
                0x00000258                USBWakeup_IRQHandler
                0x00000258                FMC_IRQHandler
                0x000002fc                . = 0x2fc
 *fill*         0x00000260       0x9c ff
                0x000002fc                PROVIDE (__CRP_WORD_START__, .)
 *(.crp)
 .crp           0x000002fc        0x4 ./src/crp.o
                0x000002fc                CRP_WORD
                0x00000300                PROVIDE (__CRP_WORD_END__, .)
                0x00000001                ASSERT (! ((__CRP_WORD_START__ == __CRP_WORD_END__)), Linker CRP Enabled, but no CRP_WORD provided within application)
 *(.text*)
 .text.NVIC_SetPriority
                0x00000300       0xdc ./src/LPC11U37_Controller.o
 .text.SysTick_Config
                0x000003dc       0x48 ./src/LPC11U37_Controller.o
 .text.init     0x00000424       0x88 ./src/LPC11U37_Controller.o
                0x00000424                init
 .text.loop     0x000004ac       0xf0 ./src/LPC11U37_Controller.o
                0x000004ac                loop
 .text.main     0x0000059c       0xf0 ./src/LPC11U37_Controller.o
                0x0000059c                main
 .text.__aeabi_uidiv
                0x0000068c       0x10 ./src/aeabi_romdiv_patch.o
                0x0000068c                __aeabi_uidivmod
                0x0000068c                __aeabi_uidiv
 .text.FLEX_INT0_IRQHandler
                0x0000069c       0x98 ./src/gpio.o
                0x0000069c                FLEX_INT0_IRQHandler
 .text.FLEX_INT1_IRQHandler
                0x00000734       0x98 ./src/gpio.o
                0x00000734                FLEX_INT1_IRQHandler
 .text.FLEX_INT2_IRQHandler
                0x000007cc       0x98 ./src/gpio.o
                0x000007cc                FLEX_INT2_IRQHandler
 .text.FLEX_INT3_IRQHandler
                0x00000864       0x98 ./src/gpio.o
                0x00000864                FLEX_INT3_IRQHandler
 .text.FLEX_INT4_IRQHandler
                0x000008fc       0x98 ./src/gpio.o
                0x000008fc                FLEX_INT4_IRQHandler
 .text.FLEX_INT5_IRQHandler
                0x00000994       0x98 ./src/gpio.o
                0x00000994                FLEX_INT5_IRQHandler
 .text.FLEX_INT6_IRQHandler
                0x00000a2c       0x98 ./src/gpio.o
                0x00000a2c                FLEX_INT6_IRQHandler
 .text.FLEX_INT7_IRQHandler
                0x00000ac4       0x98 ./src/gpio.o
                0x00000ac4                FLEX_INT7_IRQHandler
 .text.GINT0_IRQHandler
                0x00000b5c       0x5c ./src/gpio.o
                0x00000b5c                GINT0_IRQHandler
 .text.GINT1_IRQHandler
                0x00000bb8       0x5c ./src/gpio.o
                0x00000bb8                GINT1_IRQHandler
 .text.GPIOInit
                0x00000c14       0x30 ./src/gpio.o
                0x00000c14                GPIOInit
 .text.GPIOGetPinValue
                0x00000c44       0x5c ./src/gpio.o
                0x00000c44                GPIOGetPinValue
 .text.NVIC_EnableIRQ
                0x00000ca0       0x2c ./src/i2c.o
 .text.I2C_IRQHandler
                0x00000ccc      0x1e0 ./src/i2c.o
                0x00000ccc                I2C_IRQHandler
 .text.I2CStart
                0x00000eac       0x4c ./src/i2c.o
                0x00000eac                I2CStart
 .text.I2CStop  0x00000ef8       0x2c ./src/i2c.o
                0x00000ef8                I2CStop
 .text.I2CInit  0x00000f24       0xbc ./src/i2c.o
                0x00000f24                I2CInit
 .text.I2CEngine
                0x00000fe0       0x5c ./src/i2c.o
                0x00000fe0                I2CEngine
 .text.i2c_write
                0x0000103c       0x5c ./src/i2c.o
                0x0000103c                i2c_write
 .text.i2c_lcd_backlight
                0x00001098       0x50 ./src/i2clcd.o
                0x00001098                i2c_lcd_backlight
 .text.i2c_lcd_set_cmd
                0x000010e8       0x24 ./src/i2clcd.o
                0x000010e8                i2c_lcd_set_cmd
 .text.i2c_lcd_set_data
                0x0000110c       0x24 ./src/i2clcd.o
                0x0000110c                i2c_lcd_set_data
 .text.i2c_lcd_init
                0x00001130       0xc8 ./src/i2clcd.o
                0x00001130                i2c_lcd_init
 .text.i2c_lcd_clear
                0x000011f8       0x30 ./src/i2clcd.o
                0x000011f8                i2c_lcd_clear
 .text.i2c_lcd_put_icon
                0x00001228       0x48 ./src/i2clcd.o
                0x00001228                i2c_lcd_put_icon
 .text.i2c_lcd_put_string
                0x00001270       0x34 ./src/i2clcd.o
                0x00001270                i2c_lcd_put_string
 .text.SSP0_IRQHandler
                0x000012a4       0x68 ./src/ssp.o
                0x000012a4                SSP0_IRQHandler
 .text.SSP1_IRQHandler
                0x0000130c       0x68 ./src/ssp.o
                0x0000130c                SSP1_IRQHandler
 .text.SysTick_Handler
                0x00001374       0x18 ./src/systick.o
                0x00001374                SysTick_Handler
 .text.Systick_Gettime
                0x0000138c       0x14 ./src/systick.o
                0x0000138c                Systick_Gettime
 .text.Systick_Start
                0x000013a0       0x2c ./src/systick.o
                0x000013a0                Systick_Start
 .text.Systick_Stop
                0x000013cc       0x20 ./src/systick.o
                0x000013cc                Systick_Stop
 .text.delaySysTick
                0x000013ec       0x54 ./src/systick.o
                0x000013ec                delaySysTick
 .text.wait_ms  0x00001440       0x18 ./src/systick.o
                0x00001440                wait_ms
 .text.TIMER16_0_IRQHandler
                0x00001458       0x80 ./src/timer16.o
                0x00001458                TIMER16_0_IRQHandler
 .text.TIMER16_1_IRQHandler
                0x000014d8       0x80 ./src/timer16.o
                0x000014d8                TIMER16_1_IRQHandler
 .text.TIMER32_0_IRQHandler
                0x00001558       0xb4 ./src/timer32.o
                0x00001558                TIMER32_0_IRQHandler
 .text.TIMER32_1_IRQHandler
                0x0000160c       0xd0 ./src/timer32.o
                0x0000160c                TIMER32_1_IRQHandler
 .text.NVIC_EnableIRQ
                0x000016dc       0x2c ./src/usb_rom_func.o
 .text.uart_write
                0x00001708       0xc4 ./src/usb_rom_func.o
 .text.uart_read
                0x000017cc       0x64 ./src/usb_rom_func.o
 .text.UART_Bridge_Init
                0x00001830      0x1b0 ./src/usb_rom_func.o
                0x00001830                UART_Bridge_Init
 .text.USB_Pin_Clk_Init
                0x000019e0       0x50 ./src/usb_rom_func.o
                0x000019e0                USB_Pin_Clk_Init
 .text.USB_CDC_Init
                0x00001a30      0x238 ./src/usb_rom_func.o
                0x00001a30                USB_CDC_Init
 .text.USB_IRQHandler
                0x00001c68       0x5c ./src/usb_rom_func.o
                0x00001c68                USB_IRQHandler
 .text.UART_IRQHandler
                0x00001cc4      0x11c ./src/usb_rom_func.o
                0x00001cc4                UART_IRQHandler
 .text.VCOM_USB_Send
                0x00001de0       0x40 ./src/usb_rom_func.o
                0x00001de0                VCOM_USB_Send
 .text.VCOM_UART_Send
                0x00001e20       0x28 ./src/usb_rom_func.o
                0x00001e20                VCOM_UART_Send
 .text.VCOM_SetLineCode
                0x00001e48       0x30 ./src/usb_rom_func.o
                0x00001e48                VCOM_SetLineCode
 .text.VCOM_SOF_Event
                0x00001e78       0x9c ./src/usb_rom_func.o
                0x00001e78                VCOM_SOF_Event
 .text.VCOM_SendBreak
                0x00001f14       0x6c ./src/usb_rom_func.o
                0x00001f14                VCOM_SendBreak
 .text.VCOM_Bulk_In_Hdlr
                0x00001f80       0x18 ./src/usb_rom_func.o
                0x00001f80                VCOM_Bulk_In_Hdlr
 .text.VCOM_Bulk_Out_Hdlr
                0x00001f98       0x60 ./src/usb_rom_func.o
                0x00001f98                VCOM_Bulk_Out_Hdlr
 .text.xputc    0x00001ff8       0x58 ./src/xprintf.o
                0x00001ff8                xputc
 .text.xputs    0x00002050       0x28 ./src/xprintf.o
                0x00002050                xputs
 .text.xvprintf
                0x00002078      0x31c ./src/xprintf.o
 .text.xprintf  0x00002394       0x28 ./src/xprintf.o
                0x00002394                xprintf
 .text.SystemCoreClockUpdate
                0x000023bc       0xa0 C:\Users\Hidemichi_Gotou\Documents\MCUXpressoIDE_10.0.0_344\workspace\CMSIS_CORE_LPC11Uxx\Debug\libCMSIS_CORE_LPC11Uxx.a(system_LPC11Uxx.o)
                0x000023bc                SystemCoreClockUpdate
 .text.SystemInit
                0x0000245c       0xd4 C:\Users\Hidemichi_Gotou\Documents\MCUXpressoIDE_10.0.0_344\workspace\CMSIS_CORE_LPC11Uxx\Debug\libCMSIS_CORE_LPC11Uxx.a(system_LPC11Uxx.o)
                0x0000245c                SystemInit
 .text.memset   0x00002530        0x8 c:/nxp/mcuxpressoide_10.0.0_344/ide/tools/bin/../lib/gcc/arm-none-eabi/5.4.1/../../../../arm-none-eabi/lib/armv6-m\libcr_c.a(memset.o)
                0x00002530                memset
 .text.__weak_main
                0x00002538        0x8 c:/nxp/mcuxpressoide_10.0.0_344/ide/tools/bin/../lib/gcc/arm-none-eabi/5.4.1/../../../../arm-none-eabi/lib/armv6-m\libcr_c.a(__weak__main.o)
                0x00002538                __weak_main
                0x00002538                __main
 .text.strcpy   0x00002540       0x44 c:/nxp/mcuxpressoide_10.0.0_344/ide/tools/bin/../lib/gcc/arm-none-eabi/5.4.1/../../../../arm-none-eabi/lib/armv6-m\libcr_c.a(strcpy.o)
                0x00002540                strcpy
 .text.__aeabi_memset_lowlevel
                0x00002584       0x2a c:/nxp/mcuxpressoide_10.0.0_344/ide/tools/bin/../lib/gcc/arm-none-eabi/5.4.1/armv6-m\libcr_eabihelpers.a(memcpy.o)
                0x00002584                __aeabi_lowlevel_memset
 *(.rodata .rodata.* .constdata .constdata.*)
 *fill*         0x000025ae        0x2 ff
 .rodata        0x000025b0       0x39 ./src/LPC11U37_Controller.o
 *fill*         0x000025e9        0x3 ff
 .rodata.VCOM_DeviceDescriptor
                0x000025ec       0x12 ./src/cdc_desc.o
                0x000025ec                VCOM_DeviceDescriptor
 *fill*         0x000025fe        0x2 ff
 .rodata.VCOM_ConfigDescriptor
                0x00002600       0x44 ./src/cdc_desc.o
                0x00002600                VCOM_ConfigDescriptor
 .rodata.VCOM_StringDescriptor
                0x00002644       0x2a ./src/cdc_desc.o
                0x00002644                VCOM_StringDescriptor
 *fill*         0x0000266e        0x2 ff
 .rodata.I2C_IRQHandler
                0x00002670      0x144 ./src/i2c.o
 .rodata.xvprintf
                0x000027b4       0x5c ./src/xprintf.o
 .rodata.CSWTCH.9
                0x00002810       0x3c C:\Users\Hidemichi_Gotou\Documents\MCUXpressoIDE_10.0.0_344\workspace\CMSIS_CORE_LPC11Uxx\Debug\libCMSIS_CORE_LPC11Uxx.a(system_LPC11Uxx.o)
                0x0000284c                . = ALIGN (0x4)

.glue_7         0x0000284c        0x0
 .glue_7        0x0000284c        0x0 linker stubs

.glue_7t        0x0000284c        0x0
 .glue_7t       0x0000284c        0x0 linker stubs

.vfp11_veneer   0x0000284c        0x0
 .vfp11_veneer  0x0000284c        0x0 linker stubs

.v4_bx          0x0000284c        0x0
 .v4_bx         0x0000284c        0x0 linker stubs

.iplt           0x0000284c        0x0
 .iplt          0x0000284c        0x0 ./src/LPC11U37_Controller.o

.rel.dyn        0x0000284c        0x0
 .rel.iplt      0x0000284c        0x0 ./src/LPC11U37_Controller.o

.ARM.extab
 *(.ARM.extab* .gnu.linkonce.armextab.*)
                0x0000284c                __exidx_start = .

.ARM.exidx
 *(.ARM.exidx* .gnu.linkonce.armexidx.*)
                0x0000284c                __exidx_end = .
                0x0000284c                _etext = .

.data_RAM2      0x20004000        0x0 load address 0x0000284c
 FILL mask 0xff
                [!provide]                PROVIDE (__start_data_RAM2, .)
 *(.ramfunc.$RAM2)
 *(.ramfunc.$RamUsb2)
 *(.data.$RAM2*)
 *(.data.$RamUsb2*)
                0x20004000                . = ALIGN (0x4)
                [!provide]                PROVIDE (__end_data_RAM2, .)

.data_RAM3      0x20000000        0x0 load address 0x0000284c
 FILL mask 0xff
                [!provide]                PROVIDE (__start_data_RAM3, .)
 *(.ramfunc.$RAM3)
 *(.ramfunc.$SRAM1_2)
 *(.data.$RAM3*)
 *(.data.$SRAM1_2*)
                0x20000000                . = ALIGN (0x4)
                [!provide]                PROVIDE (__end_data_RAM3, .)

.uninit_RESERVED
                0x10000000        0x0
 *(.bss.$RESERVED*)
                0x10000000                . = ALIGN (0x4)
                0x10000000                _end_uninit_RESERVED = .

.data           0x10000000        0x8 load address 0x0000284c
 FILL mask 0xff
                0x10000000                _data = .
 *(vtable)
 *(.ramfunc*)
 *(.data*)
 .data.xData    0x10000000        0x1 ./src/usb_rom_func.o
                0x10000000                xData
 *fill*         0x10000001        0x3 ff
 .data.SystemCoreClock
                0x10000004        0x4 C:\Users\Hidemichi_Gotou\Documents\MCUXpressoIDE_10.0.0_344\workspace\CMSIS_CORE_LPC11Uxx\Debug\libCMSIS_CORE_LPC11Uxx.a(system_LPC11Uxx.o)
                0x10000004                SystemCoreClock
                0x10000008                . = ALIGN (0x4)
                0x10000008                _edata = .

.igot.plt       0x10000008        0x0 load address 0x00002854
 .igot.plt      0x10000008        0x0 ./src/LPC11U37_Controller.o

.bss_RAM2       0x20004000        0x0
                [!provide]                PROVIDE (__start_bss_RAM2, .)
 *(.bss.$RAM2*)
 *(.bss.$RamUsb2*)
                0x20004000                . = ALIGN ((. != 0x0)?0x4:0x1)
                [!provide]                PROVIDE (__end_bss_RAM2, .)

.bss_RAM3       0x20000000        0x0
                [!provide]                PROVIDE (__start_bss_RAM3, .)
 *(.bss.$RAM3*)
 *(.bss.$SRAM1_2*)
                0x20000000                . = ALIGN ((. != 0x0)?0x4:0x1)
                [!provide]                PROVIDE (__end_bss_RAM3, .)

.bss            0x10000008      0x1a4
                0x10000008                _bss = .
 *(.bss*)
 .bss.pDivRom_idiv
                0x10000008        0x4 ./src/cr_startup_lpc11uxx.o
                0x10000008                pDivRom_idiv
 .bss.pDivRom_uidiv
                0x1000000c        0x4 ./src/cr_startup_lpc11uxx.o
                0x1000000c                pDivRom_uidiv
 .bss.flex_int0_counter
                0x10000010        0x4 ./src/gpio.o
                0x10000010                flex_int0_counter
 .bss.flex_int1_counter
                0x10000014        0x4 ./src/gpio.o
                0x10000014                flex_int1_counter
 .bss.flex_int2_counter
                0x10000018        0x4 ./src/gpio.o
                0x10000018                flex_int2_counter
 .bss.flex_int3_counter
                0x1000001c        0x4 ./src/gpio.o
                0x1000001c                flex_int3_counter
 .bss.flex_int4_counter
                0x10000020        0x4 ./src/gpio.o
                0x10000020                flex_int4_counter
 .bss.flex_int5_counter
                0x10000024        0x4 ./src/gpio.o
                0x10000024                flex_int5_counter
 .bss.flex_int6_counter
                0x10000028        0x4 ./src/gpio.o
                0x10000028                flex_int6_counter
 .bss.flex_int7_counter
                0x1000002c        0x4 ./src/gpio.o
                0x1000002c                flex_int7_counter
 .bss.gint0_counter
                0x10000030        0x4 ./src/gpio.o
                0x10000030                gint0_counter
 .bss.gint1_counter
                0x10000034        0x4 ./src/gpio.o
                0x10000034                gint1_counter
 .bss.flex_int0_level_counter
                0x10000038        0x4 ./src/gpio.o
                0x10000038                flex_int0_level_counter
 .bss.flex_int0_rising_edge_counter
                0x1000003c        0x4 ./src/gpio.o
                0x1000003c                flex_int0_rising_edge_counter
 .bss.flex_int0_falling_edge_counter
                0x10000040        0x4 ./src/gpio.o
                0x10000040                flex_int0_falling_edge_counter
 .bss.flex_int1_level_counter
                0x10000044        0x4 ./src/gpio.o
                0x10000044                flex_int1_level_counter
 .bss.flex_int1_rising_edge_counter
                0x10000048        0x4 ./src/gpio.o
                0x10000048                flex_int1_rising_edge_counter
 .bss.flex_int1_falling_edge_counter
                0x1000004c        0x4 ./src/gpio.o
                0x1000004c                flex_int1_falling_edge_counter
 .bss.flex_int2_level_counter
                0x10000050        0x4 ./src/gpio.o
                0x10000050                flex_int2_level_counter
 .bss.flex_int2_rising_edge_counter
                0x10000054        0x4 ./src/gpio.o
                0x10000054                flex_int2_rising_edge_counter
 .bss.flex_int2_falling_edge_counter
                0x10000058        0x4 ./src/gpio.o
                0x10000058                flex_int2_falling_edge_counter
 .bss.flex_int3_level_counter
                0x1000005c        0x4 ./src/gpio.o
                0x1000005c                flex_int3_level_counter
 .bss.flex_int3_rising_edge_counter
                0x10000060        0x4 ./src/gpio.o
                0x10000060                flex_int3_rising_edge_counter
 .bss.flex_int3_falling_edge_counter
                0x10000064        0x4 ./src/gpio.o
                0x10000064                flex_int3_falling_edge_counter
 .bss.flex_int4_level_counter
                0x10000068        0x4 ./src/gpio.o
                0x10000068                flex_int4_level_counter
 .bss.flex_int4_rising_edge_counter
                0x1000006c        0x4 ./src/gpio.o
                0x1000006c                flex_int4_rising_edge_counter
 .bss.flex_int4_falling_edge_counter
                0x10000070        0x4 ./src/gpio.o
                0x10000070                flex_int4_falling_edge_counter
 .bss.flex_int5_level_counter
                0x10000074        0x4 ./src/gpio.o
                0x10000074                flex_int5_level_counter
 .bss.flex_int5_rising_edge_counter
                0x10000078        0x4 ./src/gpio.o
                0x10000078                flex_int5_rising_edge_counter
 .bss.flex_int5_falling_edge_counter
                0x1000007c        0x4 ./src/gpio.o
                0x1000007c                flex_int5_falling_edge_counter
 .bss.flex_int6_level_counter
                0x10000080        0x4 ./src/gpio.o
                0x10000080                flex_int6_level_counter
 .bss.flex_int6_rising_edge_counter
                0x10000084        0x4 ./src/gpio.o
                0x10000084                flex_int6_rising_edge_counter
 .bss.flex_int6_falling_edge_counter
                0x10000088        0x4 ./src/gpio.o
                0x10000088                flex_int6_falling_edge_counter
 .bss.flex_int7_level_counter
                0x1000008c        0x4 ./src/gpio.o
                0x1000008c                flex_int7_level_counter
 .bss.flex_int7_rising_edge_counter
                0x10000090        0x4 ./src/gpio.o
                0x10000090                flex_int7_rising_edge_counter
 .bss.flex_int7_falling_edge_counter
                0x10000094        0x4 ./src/gpio.o
                0x10000094                flex_int7_falling_edge_counter
 .bss.gint0_level_counter
                0x10000098        0x4 ./src/gpio.o
                0x10000098                gint0_level_counter
 .bss.gint0_edge_counter
                0x1000009c        0x4 ./src/gpio.o
                0x1000009c                gint0_edge_counter
 .bss.gint1_level_counter
                0x100000a0        0x4 ./src/gpio.o
                0x100000a0                gint1_level_counter
 .bss.gint1_edge_counter
                0x100000a4        0x4 ./src/gpio.o
                0x100000a4                gint1_edge_counter
 .bss.I2CMasterState
                0x100000a8        0x4 ./src/i2c.o
                0x100000a8                I2CMasterState
 .bss.I2CMasterBuffer
                0x100000ac       0x20 ./src/i2c.o
                0x100000ac                I2CMasterBuffer
 .bss.I2CSlaveBuffer
                0x100000cc       0x20 ./src/i2c.o
                0x100000cc                I2CSlaveBuffer
 .bss.I2CReadLength
                0x100000ec        0x4 ./src/i2c.o
                0x100000ec                I2CReadLength
 .bss.I2CWriteLength
                0x100000f0        0x4 ./src/i2c.o
                0x100000f0                I2CWriteLength
 .bss.RdIndex   0x100000f4        0x4 ./src/i2c.o
                0x100000f4                RdIndex
 .bss.WrIndex   0x100000f8        0x4 ./src/i2c.o
                0x100000f8                WrIndex
 .bss.interruptRxStat0
                0x100000fc        0x4 ./src/ssp.o
                0x100000fc                interruptRxStat0
 .bss.interruptOverRunStat0
                0x10000100        0x4 ./src/ssp.o
                0x10000100                interruptOverRunStat0
 .bss.interruptRxTimeoutStat0
                0x10000104        0x4 ./src/ssp.o
                0x10000104                interruptRxTimeoutStat0
 .bss.interruptRxStat1
                0x10000108        0x4 ./src/ssp.o
                0x10000108                interruptRxStat1
 .bss.interruptOverRunStat1
                0x1000010c        0x4 ./src/ssp.o
                0x1000010c                interruptOverRunStat1
 .bss.interruptRxTimeoutStat1
                0x10000110        0x4 ./src/ssp.o
                0x10000110                interruptRxTimeoutStat1
 .bss.TimeTick  0x10000114        0x4 ./src/systick.o
 .bss.timer16_0_counter
                0x10000118        0x8 ./src/timer16.o
                0x10000118                timer16_0_counter
 .bss.timer16_1_counter
                0x10000120        0x8 ./src/timer16.o
                0x10000120                timer16_1_counter
 .bss.timer16_0_capture
                0x10000128        0x8 ./src/timer16.o
                0x10000128                timer16_0_capture
 .bss.timer16_1_capture
                0x10000130        0x8 ./src/timer16.o
                0x10000130                timer16_1_capture
 .bss.timer32_0_counter
                0x10000138       0x10 ./src/timer32.o
                0x10000138                timer32_0_counter
 .bss.timer32_1_counter
                0x10000148       0x10 ./src/timer32.o
                0x10000148                timer32_1_counter
 .bss.timer32_0_capture
                0x10000158       0x10 ./src/timer32.o
                0x10000158                timer32_0_capture
 .bss.timer32_1_capture
                0x10000168       0x10 ./src/timer32.o
                0x10000168                timer32_1_capture
 .bss.pUsbApi   0x10000178        0x4 ./src/usb_rom_func.o
                0x10000178                pUsbApi
 .bss.g_vCOM    0x1000017c       0x28 ./src/usb_rom_func.o
                0x1000017c                g_vCOM
 .bss.xfunc_out
                0x100001a4        0x4 ./src/xprintf.o
                0x100001a4                xfunc_out
 .bss.outptr    0x100001a8        0x4 ./src/xprintf.o
 *(COMMON)
                0x100001ac                . = ALIGN (0x4)
                0x100001ac                _ebss = .
                [!provide]                PROVIDE (end, .)

.noinit_RAM2    0x20004000        0x0
 *(.noinit.$RAM2*)
 *(.noinit.$RamUsb2*)
                0x20004000                . = ALIGN (0x4)

.noinit_RAM3    0x20000000        0x0
 *(.noinit.$RAM3*)
 *(.noinit.$SRAM1_2*)
                0x20000000                . = ALIGN (0x4)

.noinit         0x100001ac        0x0
                0x100001ac                _noinit = .
 *(.noinit*)
                0x100001ac                . = ALIGN (0x4)
                0x100001ac                _end_noinit = .
                [!provide]                PROVIDE (_pvHeapStart, DEFINED (__user_heap_base)?__user_heap_base:.)
                0x10002000                PROVIDE (_vStackTop, DEFINED (__user_stack_top)?__user_stack_top:(__top_RamLoc8 - 0x0))
                0xefffda25                PROVIDE (__valid_user_code_checksum, (0x0 - (((_vStackTop + (ResetISR + 0x1)) + (DEFINED (NMI_Handler)?NMI_Handler:M0_NMI_Handler + 0x1)) + (DEFINED (HardFault_Handler)?HardFault_Handler:M0_HardFault_Handler + 0x1))))
OUTPUT(LPC11U37_Controller.axf elf32-littlearm)

.debug_info     0x00000000     0x8ca4
 .debug_info    0x00000000      0xb8e ./src/LPC11U37_Controller.o
 .debug_info    0x00000b8e       0xa0 ./src/aeabi_romdiv_patch.o
 .debug_info    0x00000c2e       0xf1 ./src/cdc_desc.o
 .debug_info    0x00000d1f      0x251 ./src/cr_startup_lpc11uxx.o
 .debug_info    0x00000f70       0x3f ./src/crp.o
 .debug_info    0x00000faf     0x1012 ./src/gpio.o
 .debug_info    0x00001fc1      0xd64 ./src/i2c.o
 .debug_info    0x00002d25      0x4b6 ./src/i2clcd.o
 .debug_info    0x000031db      0xc38 ./src/ssp.o
 .debug_info    0x00003e13      0x1a9 ./src/systick.o
 .debug_info    0x00003fbc      0xe03 ./src/timer16.o
 .debug_info    0x00004dbf      0xdf4 ./src/timer32.o
 .debug_info    0x00005bb3     0x26de ./src/usb_rom_func.o
 .debug_info    0x00008291      0x4c2 ./src/xprintf.o
 .debug_info    0x00008753      0x551 C:\Users\Hidemichi_Gotou\Documents\MCUXpressoIDE_10.0.0_344\workspace\CMSIS_CORE_LPC11Uxx\Debug\libCMSIS_CORE_LPC11Uxx.a(system_LPC11Uxx.o)

.debug_abbrev   0x00000000     0x16ac
 .debug_abbrev  0x00000000      0x1f3 ./src/LPC11U37_Controller.o
 .debug_abbrev  0x000001f3       0x12 ./src/aeabi_romdiv_patch.o
 .debug_abbrev  0x00000205       0x60 ./src/cdc_desc.o
 .debug_abbrev  0x00000265       0xfc ./src/cr_startup_lpc11uxx.o
 .debug_abbrev  0x00000361       0x36 ./src/crp.o
 .debug_abbrev  0x00000397      0x206 ./src/gpio.o
 .debug_abbrev  0x0000059d      0x243 ./src/i2c.o
 .debug_abbrev  0x000007e0      0x1b5 ./src/i2clcd.o
 .debug_abbrev  0x00000995      0x1c7 ./src/ssp.o
 .debug_abbrev  0x00000b5c      0x127 ./src/systick.o
 .debug_abbrev  0x00000c83      0x20b ./src/timer16.o
 .debug_abbrev  0x00000e8e      0x21a ./src/timer32.o
 .debug_abbrev  0x000010a8      0x35a ./src/usb_rom_func.o
 .debug_abbrev  0x00001402      0x197 ./src/xprintf.o
 .debug_abbrev  0x00001599      0x113 C:\Users\Hidemichi_Gotou\Documents\MCUXpressoIDE_10.0.0_344\workspace\CMSIS_CORE_LPC11Uxx\Debug\libCMSIS_CORE_LPC11Uxx.a(system_LPC11Uxx.o)

.debug_aranges  0x00000000      0x538
 .debug_aranges
                0x00000000       0x40 ./src/LPC11U37_Controller.o
 .debug_aranges
                0x00000040       0x28 ./src/aeabi_romdiv_patch.o
 .debug_aranges
                0x00000068       0x18 ./src/cdc_desc.o
 .debug_aranges
                0x00000080       0x60 ./src/cr_startup_lpc11uxx.o
 .debug_aranges
                0x000000e0       0x18 ./src/crp.o
 .debug_aranges
                0x000000f8       0xc8 ./src/gpio.o
 .debug_aranges
                0x000001c0       0x60 ./src/i2c.o
 .debug_aranges
                0x00000220       0x60 ./src/i2clcd.o
 .debug_aranges
                0x00000280       0x50 ./src/ssp.o
 .debug_aranges
                0x000002d0       0x50 ./src/systick.o
 .debug_aranges
                0x00000320       0x78 ./src/timer16.o
 .debug_aranges
                0x00000398       0x78 ./src/timer32.o
 .debug_aranges
                0x00000410       0x90 ./src/usb_rom_func.o
 .debug_aranges
                0x000004a0       0x70 ./src/xprintf.o
 .debug_aranges
                0x00000510       0x28 C:\Users\Hidemichi_Gotou\Documents\MCUXpressoIDE_10.0.0_344\workspace\CMSIS_CORE_LPC11Uxx\Debug\libCMSIS_CORE_LPC11Uxx.a(system_LPC11Uxx.o)

.debug_ranges   0x00000000      0x440
 .debug_ranges  0x00000000       0x30 ./src/LPC11U37_Controller.o
 .debug_ranges  0x00000030       0x20 ./src/aeabi_romdiv_patch.o
 .debug_ranges  0x00000050       0x50 ./src/cr_startup_lpc11uxx.o
 .debug_ranges  0x000000a0       0xb8 ./src/gpio.o
 .debug_ranges  0x00000158       0x50 ./src/i2c.o
 .debug_ranges  0x000001a8       0x50 ./src/i2clcd.o
 .debug_ranges  0x000001f8       0x40 ./src/ssp.o
 .debug_ranges  0x00000238       0x40 ./src/systick.o
 .debug_ranges  0x00000278       0x68 ./src/timer16.o
 .debug_ranges  0x000002e0       0x68 ./src/timer32.o
 .debug_ranges  0x00000348       0x80 ./src/usb_rom_func.o
 .debug_ranges  0x000003c8       0x60 ./src/xprintf.o
 .debug_ranges  0x00000428       0x18 C:\Users\Hidemichi_Gotou\Documents\MCUXpressoIDE_10.0.0_344\workspace\CMSIS_CORE_LPC11Uxx\Debug\libCMSIS_CORE_LPC11Uxx.a(system_LPC11Uxx.o)

.debug_macro    0x00000000     0x3c04
 .debug_macro   0x00000000      0x171 ./src/LPC11U37_Controller.o
 .debug_macro   0x00000171      0x844 ./src/LPC11U37_Controller.o
 .debug_macro   0x000009b5       0x1c ./src/LPC11U37_Controller.o
 .debug_macro   0x000009d1       0x3a ./src/LPC11U37_Controller.o
 .debug_macro   0x00000a0b       0x10 ./src/LPC11U37_Controller.o
 .debug_macro   0x00000a1b      0x12d ./src/LPC11U37_Controller.o
 .debug_macro   0x00000b48      0x5b2 ./src/LPC11U37_Controller.o
 .debug_macro   0x000010fa       0x1f ./src/LPC11U37_Controller.o
 .debug_macro   0x00001119      0x242 ./src/LPC11U37_Controller.o
 .debug_macro   0x0000135b      0x10e ./src/LPC11U37_Controller.o
 .debug_macro   0x00001469       0x82 ./src/LPC11U37_Controller.o
 .debug_macro   0x000014eb       0x52 ./src/LPC11U37_Controller.o
 .debug_macro   0x0000153d       0xbe ./src/LPC11U37_Controller.o
 .debug_macro   0x000015fb       0x28 ./src/LPC11U37_Controller.o
 .debug_macro   0x00001623       0x22 ./src/LPC11U37_Controller.o
 .debug_macro   0x00001645       0x40 ./src/LPC11U37_Controller.o
 .debug_macro   0x00001685       0x18 ./src/LPC11U37_Controller.o
 .debug_macro   0x0000169d      0x22d ./src/LPC11U37_Controller.o
 .debug_macro   0x000018ca       0x58 ./src/LPC11U37_Controller.o
 .debug_macro   0x00001922       0x12 ./src/LPC11U37_Controller.o
 .debug_macro   0x00001934       0x46 ./src/LPC11U37_Controller.o
 .debug_macro   0x0000197a       0xfa ./src/LPC11U37_Controller.o
 .debug_macro   0x00001a74       0xee ./src/LPC11U37_Controller.o
 .debug_macro   0x00001b62      0x68c ./src/LPC11U37_Controller.o
 .debug_macro   0x000021ee      0x272 ./src/LPC11U37_Controller.o
 .debug_macro   0x00002460       0x10 ./src/LPC11U37_Controller.o
 .debug_macro   0x00002470       0xa0 ./src/LPC11U37_Controller.o
 .debug_macro   0x00002510       0xfc ./src/cdc_desc.o
 .debug_macro   0x0000260c      0x227 ./src/cdc_desc.o
 .debug_macro   0x00002833       0x23 ./src/cr_startup_lpc11uxx.o
 .debug_macro   0x00002856       0x1a ./src/crp.o
 .debug_macro   0x00002870       0x34 ./src/crp.o
 .debug_macro   0x000028a4       0x7f ./src/gpio.o
 .debug_macro   0x00002923       0x95 ./src/i2c.o
 .debug_macro   0x000029b8       0x1c ./src/i2c.o
 .debug_macro   0x000029d4      0x10e ./src/i2c.o
 .debug_macro   0x00002ae2       0x2e ./src/i2c.o
 .debug_macro   0x00002b10       0xc9 ./src/i2clcd.o
 .debug_macro   0x00002bd9       0x88 ./src/ssp.o
 .debug_macro   0x00002c61      0x136 ./src/ssp.o
 .debug_macro   0x00002d97       0x7f ./src/systick.o
 .debug_macro   0x00002e16       0x88 ./src/timer16.o
 .debug_macro   0x00002e9e       0x4c ./src/timer16.o
 .debug_macro   0x00002eea       0x88 ./src/timer32.o
 .debug_macro   0x00002f72       0x4c ./src/timer32.o
 .debug_macro   0x00002fbe      0x1fb ./src/usb_rom_func.o
 .debug_macro   0x000031b9       0x1c ./src/usb_rom_func.o
 .debug_macro   0x000031d5       0x6a ./src/usb_rom_func.o
 .debug_macro   0x0000323f       0x28 ./src/usb_rom_func.o
 .debug_macro   0x00003267       0x32 ./src/xprintf.o
 .debug_macro   0x00003299       0x16 ./src/xprintf.o
 .debug_macro   0x000032af      0x117 C:\Users\Hidemichi_Gotou\Documents\MCUXpressoIDE_10.0.0_344\workspace\CMSIS_CORE_LPC11Uxx\Debug\libCMSIS_CORE_LPC11Uxx.a(system_LPC11Uxx.o)
 .debug_macro   0x000033c6      0x83e C:\Users\Hidemichi_Gotou\Documents\MCUXpressoIDE_10.0.0_344\workspace\CMSIS_CORE_LPC11Uxx\Debug\libCMSIS_CORE_LPC11Uxx.a(system_LPC11Uxx.o)

.debug_line     0x00000000     0x2e58
 .debug_line    0x00000000      0x4c5 ./src/LPC11U37_Controller.o
 .debug_line    0x000004c5       0x65 ./src/aeabi_romdiv_patch.o
 .debug_line    0x0000052a      0x25f ./src/cdc_desc.o
 .debug_line    0x00000789       0xc2 ./src/cr_startup_lpc11uxx.o
 .debug_line    0x0000084b       0x75 ./src/crp.o
 .debug_line    0x000008c0      0x541 ./src/gpio.o
 .debug_line    0x00000e01      0x34d ./src/i2c.o
 .debug_line    0x0000114e      0x319 ./src/i2clcd.o
 .debug_line    0x00001467      0x363 ./src/ssp.o
 .debug_line    0x000017ca      0x28a ./src/systick.o
 .debug_line    0x00001a54      0x409 ./src/timer16.o
 .debug_line    0x00001e5d      0x440 ./src/timer32.o
 .debug_line    0x0000229d      0x568 ./src/usb_rom_func.o
 .debug_line    0x00002805      0x41a ./src/xprintf.o
 .debug_line    0x00002c1f      0x239 C:\Users\Hidemichi_Gotou\Documents\MCUXpressoIDE_10.0.0_344\workspace\CMSIS_CORE_LPC11Uxx\Debug\libCMSIS_CORE_LPC11Uxx.a(system_LPC11Uxx.o)

.debug_str      0x00000000     0xcf56
 .debug_str     0x00000000     0x9e1d ./src/LPC11U37_Controller.o
                               0x9ed2 (size before relaxing)
 .debug_str     0x00009e1d       0x78 ./src/cdc_desc.o
                               0x78b5 (size before relaxing)
 .debug_str     0x00009e95      0x1e0 ./src/cr_startup_lpc11uxx.o
                               0x25c5 (size before relaxing)
 .debug_str     0x0000a075       0xe9 ./src/crp.o
                               0x24ba (size before relaxing)
 .debug_str     0x0000a15e      0x60b ./src/gpio.o
                               0x5ada (size before relaxing)
 .debug_str     0x0000a769      0x389 ./src/i2c.o
                               0x5a74 (size before relaxing)
 .debug_str     0x0000aaf2      0x118 ./src/i2clcd.o
                               0x55e5 (size before relaxing)
 .debug_str     0x0000ac0a      0x483 ./src/ssp.o
                               0x5b27 (size before relaxing)
 .debug_str     0x0000b08d       0x6c ./src/systick.o
                               0x5075 (size before relaxing)
 .debug_str     0x0000b0f9      0x267 ./src/timer16.o
                               0x5896 (size before relaxing)
 .debug_str     0x0000b360      0x172 ./src/timer32.o
                               0x5885 (size before relaxing)
 .debug_str     0x0000b4d2     0x153a ./src/usb_rom_func.o
                               0xaf82 (size before relaxing)
 .debug_str     0x0000ca0c      0x102 ./src/xprintf.o
                               0x2665 (size before relaxing)
 .debug_str     0x0000cb0e      0x448 C:\Users\Hidemichi_Gotou\Documents\MCUXpressoIDE_10.0.0_344\workspace\CMSIS_CORE_LPC11Uxx\Debug\libCMSIS_CORE_LPC11Uxx.a(system_LPC11Uxx.o)
                               0x54e2 (size before relaxing)

.comment        0x00000000       0x6e
 .comment       0x00000000       0x6e ./src/LPC11U37_Controller.o
                                 0x6f (size before relaxing)
 .comment       0x0000006e       0x6f ./src/cdc_desc.o
 .comment       0x0000006e       0x6f ./src/cr_startup_lpc11uxx.o
 .comment       0x0000006e       0x6f ./src/crp.o
 .comment       0x0000006e       0x6f ./src/gpio.o
 .comment       0x0000006e       0x6f ./src/i2c.o
 .comment       0x0000006e       0x6f ./src/i2clcd.o
 .comment       0x0000006e       0x6f ./src/ssp.o
 .comment       0x0000006e       0x6f ./src/systick.o
 .comment       0x0000006e       0x6f ./src/timer16.o
 .comment       0x0000006e       0x6f ./src/timer32.o
 .comment       0x0000006e       0x6f ./src/usb_rom_func.o
 .comment       0x0000006e       0x6f ./src/xprintf.o
 .comment       0x0000006e       0x6f C:\Users\Hidemichi_Gotou\Documents\MCUXpressoIDE_10.0.0_344\workspace\CMSIS_CORE_LPC11Uxx\Debug\libCMSIS_CORE_LPC11Uxx.a(system_LPC11Uxx.o)
 .comment       0x0000006e       0x6f c:/nxp/mcuxpressoide_10.0.0_344/ide/tools/bin/../lib/gcc/arm-none-eabi/5.4.1/../../../../arm-none-eabi/lib/armv6-m\libcr_c.a(memset.o)
 .comment       0x0000006e       0x6f c:/nxp/mcuxpressoide_10.0.0_344/ide/tools/bin/../lib/gcc/arm-none-eabi/5.4.1/../../../../arm-none-eabi/lib/armv6-m\libcr_c.a(__weak__main.o)
 .comment       0x0000006e       0x6f c:/nxp/mcuxpressoide_10.0.0_344/ide/tools/bin/../lib/gcc/arm-none-eabi/5.4.1/../../../../arm-none-eabi/lib/armv6-m\libcr_c.a(strcpy.o)

.ARM.attributes
                0x00000000       0x2f
 .ARM.attributes
                0x00000000       0x31 ./src/LPC11U37_Controller.o
 .ARM.attributes
                0x00000031       0x21 ./src/aeabi_romdiv_patch.o
 .ARM.attributes
                0x00000052       0x31 ./src/cdc_desc.o
 .ARM.attributes
                0x00000083       0x31 ./src/cr_startup_lpc11uxx.o
 .ARM.attributes
                0x000000b4       0x31 ./src/crp.o
 .ARM.attributes
                0x000000e5       0x31 ./src/gpio.o
 .ARM.attributes
                0x00000116       0x31 ./src/i2c.o
 .ARM.attributes
                0x00000147       0x31 ./src/i2clcd.o
 .ARM.attributes
                0x00000178       0x31 ./src/ssp.o
 .ARM.attributes
                0x000001a9       0x31 ./src/systick.o
 .ARM.attributes
                0x000001da       0x31 ./src/timer16.o
 .ARM.attributes
                0x0000020b       0x31 ./src/timer32.o
 .ARM.attributes
                0x0000023c       0x31 ./src/usb_rom_func.o
 .ARM.attributes
                0x0000026d       0x31 ./src/xprintf.o
 .ARM.attributes
                0x0000029e       0x31 C:\Users\Hidemichi_Gotou\Documents\MCUXpressoIDE_10.0.0_344\workspace\CMSIS_CORE_LPC11Uxx\Debug\libCMSIS_CORE_LPC11Uxx.a(system_LPC11Uxx.o)
 .ARM.attributes
                0x000002cf       0x31 c:/nxp/mcuxpressoide_10.0.0_344/ide/tools/bin/../lib/gcc/arm-none-eabi/5.4.1/../../../../arm-none-eabi/lib/armv6-m\libcr_c.a(memset.o)
 .ARM.attributes
                0x00000300       0x31 c:/nxp/mcuxpressoide_10.0.0_344/ide/tools/bin/../lib/gcc/arm-none-eabi/5.4.1/../../../../arm-none-eabi/lib/armv6-m\libcr_c.a(__weak__main.o)
 .ARM.attributes
                0x00000331       0x31 c:/nxp/mcuxpressoide_10.0.0_344/ide/tools/bin/../lib/gcc/arm-none-eabi/5.4.1/../../../../arm-none-eabi/lib/armv6-m\libcr_c.a(strcpy.o)
 .ARM.attributes
                0x00000362       0x21 c:/nxp/mcuxpressoide_10.0.0_344/ide/tools/bin/../lib/gcc/arm-none-eabi/5.4.1/armv6-m\libcr_eabihelpers.a(memcpy.o)

.debug_frame    0x00000000      0xf4c
 .debug_frame   0x00000000       0xb0 ./src/LPC11U37_Controller.o
 .debug_frame   0x000000b0      0x118 ./src/cr_startup_lpc11uxx.o
 .debug_frame   0x000001c8      0x2a4 ./src/gpio.o
 .debug_frame   0x0000046c      0x128 ./src/i2c.o
 .debug_frame   0x00000594      0x130 ./src/i2clcd.o
 .debug_frame   0x000006c4       0xf0 ./src/ssp.o
 .debug_frame   0x000007b4       0xe0 ./src/systick.o
 .debug_frame   0x00000894      0x188 ./src/timer16.o
 .debug_frame   0x00000a1c      0x188 ./src/timer32.o
 .debug_frame   0x00000ba4      0x1ec ./src/usb_rom_func.o
 .debug_frame   0x00000d90      0x170 ./src/xprintf.o
 .debug_frame   0x00000f00       0x4c C:\Users\Hidemichi_Gotou\Documents\MCUXpressoIDE_10.0.0_344\workspace\CMSIS_CORE_LPC11Uxx\Debug\libCMSIS_CORE_LPC11Uxx.a(system_LPC11Uxx.o)

.debug_loc      0x00000000       0x59
 .debug_loc     0x00000000       0x59 C:\Users\Hidemichi_Gotou\Documents\MCUXpressoIDE_10.0.0_344\workspace\CMSIS_CORE_LPC11Uxx\Debug\libCMSIS_CORE_LPC11Uxx.a(system_LPC11Uxx.o)
